[01:14:57] probe 脚本已上传
[01:14:58] Alertmanager ClusterIP = 10.106.70.40
[01:14:59] --- AM 通知计数基线 ---
[01:14:59] alertmanager_notifications_total{integration="discord"} 0
alertmanager_notifications_total{integration="email"} 33
alertmanager_notifications_total{integration="incidentio"} 0
alertmanager_notifications_total{integration="jira"} 0
alertmanager_notifications_total{integration="mattermost"} 0
alertmanager_notifications_total{integration="msteams"} 0
alertmanager_notifications_total{integration="msteamsv2"} 0
alertmanager_notifications_total{integration="opsgenie"} 0
[01:14:59] --- 演练前快照 ---
[01:14:59] adservice-86b59d9c58-2bhj8 Running k8s-w2
adservice-86b59d9c58-sz78v Running k8s-w1
cartservice-5c9cc858dd-smlrv Running k8s-w2
cartservice-5c9cc858dd-w4jjk Running k8s-w1
checkoutservice-676dc7b7d5-brhz9 Running k8s-w2
checkoutservice-676dc7b7d5-wsqf2 Running k8s-w1
currencyservice-b987fc6d7-cnmmc Running k8s-w1
currencyservice-b987fc6d7-fs6wc Running k8s-w2
emailservice-648dcc66c5-h7t5p Running k8s-w1
emailservice-648dcc66c5-vx567 Running k8s-w2
frontend-58c745c7-n4zpj Running k8s-w2
frontend-58c745c7-vf752 Running k8s-w1
loadgenerator-755d4d869-pwrqr Running k8s-w2
paymentservice-f66fb9bfd-5bhsh Running k8s-w1
paymentservice-f66fb9bfd-jj7ff Running k8s-w2
productcatalogservice-8464978b9c-5xkfk Running k8s-w2
productcatalogservice-8464978b9c-sglbr Running k8s-w1
recommendationservice-85c947bc96-6wvfc Running k8s-w2
recommendationservice-85c947bc96-wv2p2 Running k8s-w1
redis-cart-7f8bb86f67-gs9nz Running k8s-w1
shippingservice-869c4488f7-r4npz Running k8s-w1
shippingservice-869c4488f7-tdkhz Running k8s-w2
[01:14:59] w1 上的监控组件: alertmanager-kube-prometheus-stack-alertmanager-0
kube-prometheus-stack-kube-state-metrics-7f5878bf7c-9kjb5
kube-prometheus-stack-operator-7d6b48c4fc-n5ndr
kube-prometheus-stack-prometheus-node-exporter-p8kxd
loki-0
prometheus-webhook-dingtalk-64965bb74b-dzt6r
promtail-5qxm9
[01:15:01] 探针已启动（600s 自限），输出 /root/probe-drill1.log
[01:15:01] === T0：发起 kubectl drain k8s-w1 --ignore-daemonsets --delete-emptydir-data ===
[01:15:03] T+2s | 节点[Ready,SchedulingDisabled 31h] w1残留pod=11 terminating=8 总pod=30
[01:15:06] T+4s | adservice-86b59d9c58-hmt84: Pending -> ContainerCreating
[01:15:06] T+4s | checkoutservice-676dc7b7d5-zskph: Pending -> ContainerCreating
[01:15:06] T+4s | currencyservice-b987fc6d7-tbk8p: ContainerCreating -> Running
[01:15:06] T+4s | emailservice-648dcc66c5-hpwzt: Pending -> Running
[01:15:06] T+4s | paymentservice-f66fb9bfd-5bhsh: Running -> Terminating
[01:15:06] T+4s | redis-cart-7f8bb86f67-nxm56: Pending -> Running
[01:15:06] T+4s | shippingservice-869c4488f7-n5blk: Pending -> ContainerCreating
[01:15:06] T+4s | adservice-86b59d9c58-sz78v: 消失（被驱逐后待重建）
[01:15:06] T+4s | cartservice-5c9cc858dd-w4jjk: 消失（被驱逐后待重建）
[01:15:06] T+4s | checkoutservice-676dc7b7d5-wsqf2: 消失（被驱逐后待重建）
[01:15:06] T+4s | frontend-58c745c7-vf752: 消失（被驱逐后待重建）
[01:15:06] T+4s | productcatalogservice-8464978b9c-sglbr: 消失（被驱逐后待重建）
[01:15:06] T+4s | redis-cart-7f8bb86f67-gs9nz: 消失（被驱逐后待重建）
[01:15:06] T+4s | shippingservice-869c4488f7-r4npz: 消失（被驱逐后待重建）
[01:15:06] T+4s | 节点[Ready,SchedulingDisabled 31h] w1残留pod=4 terminating=4 总pod=26
[01:15:08] T+6s | cartservice-5c9cc858dd-hx8fj: ContainerCreating -> Running
[01:15:08] T+6s | checkoutservice-676dc7b7d5-zskph: ContainerCreating -> Running
[01:15:08] T+6s | frontend-58c745c7-nkzch: ContainerCreating -> Running
[01:15:08] T+6s | paymentservice-f66fb9bfd-5bhsh: Terminating -> Error
[01:15:08] T+6s | shippingservice-869c4488f7-n5blk: ContainerCreating -> Running
[01:15:08] T+6s | currencyservice-b987fc6d7-cnmmc: 消失（被驱逐后待重建）
[01:15:08] T+6s | emailservice-648dcc66c5-h7t5p: 消失（被驱逐后待重建）
[01:15:08] T+6s | recommendationservice-85c947bc96-wv2p2: 消失（被驱逐后待重建）
[01:15:08] T+6s | 节点[Ready,SchedulingDisabled 31h] w1残留pod=1 terminating=0 总pod=23
[01:15:11] T+9s | adservice-86b59d9c58-hmt84: ContainerCreating -> Running
[01:15:11] T+9s | paymentservice-f66fb9bfd-bzlcr: ContainerCreating -> Running
[01:15:11] T+9s | productcatalogservice-8464978b9c-z8wm5: ContainerCreating -> Running
[01:15:11] T+9s | recommendationservice-85c947bc96-2sj4j: ContainerCreating -> Running
[01:15:11] T+9s | paymentservice-f66fb9bfd-5bhsh: 消失（被驱逐后待重建）
[01:15:11] T+9s | 节点[Ready,SchedulingDisabled 31h] w1残留pod=0 terminating=0 总pod=22
[01:15:13] T+11s | 节点[Ready,SchedulingDisabled 31h] w1残留pod=0 terminating=0 总pod=22
[01:15:13] === drain 结束 T+11s，drain.log 尾部 ===
[01:15:13] pod/loki-0 evicted
pod/recommendationservice-85c947bc96-wv2p2 evicted
pod/currencyservice-b987fc6d7-cnmmc evicted
pod/paymentservice-f66fb9bfd-5bhsh evicted
node/k8s-w1 drained
[01:15:13] T+12s | uncordon 已执行
[01:15:26] T+24s | 节点[Ready 31h] w1残留pod=0 terminating=0 总pod=22
[01:15:28] T+27s | 节点[Ready 31h] w1残留pod=0 terminating=0 总pod=22
[01:15:31] T+29s | 节点[Ready 31h] w1残留pod=0 terminating=0 总pod=22
[01:15:33] T+31s | 节点[Ready 31h] w1残留pod=0 terminating=0 总pod=22
[01:15:35] T+34s | 节点[Ready 31h] w1残留pod=0 terminating=0 总pod=22
[01:15:38] T+36s | 节点[Ready 31h] w1残留pod=0 terminating=0 总pod=22
[01:15:40] T+39s | 节点[Ready 31h] w1残留pod=0 terminating=0 总pod=22
[01:15:43] T+41s | 节点[Ready 31h] w1残留pod=0 terminating=0 总pod=22
[01:15:45] T+43s | 节点[Ready 31h] w1残留pod=0 terminating=0 总pod=22
[01:15:48] T+46s | 节点[Ready 31h] w1残留pod=0 terminating=0 总pod=22
[01:15:50] T+48s | 节点[Ready 31h] w1残留pod=0 terminating=0 总pod=22
[01:15:53] T+51s | 节点[Ready 31h] w1残留pod=0 terminating=0 总pod=22
[01:15:55] T+53s | 节点[Ready 31h] w1残留pod=0 terminating=0 总pod=22
[01:15:57] T+56s | 节点[Ready 31h] w1残留pod=0 terminating=0 总pod=22
[01:16:00] T+58s | 节点[Ready 31h] w1残留pod=0 terminating=0 总pod=22
[01:16:02] T+61s | 节点[Ready 31h] w1残留pod=0 terminating=0 总pod=22
[01:16:05] T+63s | 节点[Ready 31h] w1残留pod=0 terminating=0 总pod=22
[01:16:07] T+65s | 节点[Ready 31h] w1残留pod=0 terminating=0 总pod=22
[01:16:10] T+68s | 节点[Ready 31h] w1残留pod=0 terminating=0 总pod=22
[01:16:12] T+70s | 节点[Ready 31h] w1残留pod=0 terminating=0 总pod=22
[01:16:15] T+73s | 节点[Ready 31h] w1残留pod=0 terminating=0 总pod=22
[01:16:17] T+75s | 节点[Ready 31h] w1残留pod=0 terminating=0 总pod=22
[01:16:19] T+78s | 节点[Ready 31h] w1残留pod=0 terminating=0 总pod=22
[01:16:22] T+80s | 节点[Ready 31h] w1残留pod=0 terminating=0 总pod=22
[01:16:24] T+83s | 节点[Ready 31h] w1残留pod=0 terminating=0 总pod=22
[01:16:27] T+85s | 节点[Ready 31h] w1残留pod=0 terminating=0 总pod=22
[01:16:29] T+87s | 节点[Ready 31h] w1残留pod=0 terminating=0 总pod=22
[01:16:32] T+90s | 节点[Ready 31h] w1残留pod=0 terminating=0 总pod=22
[01:16:34] T+92s | 节点[Ready 31h] w1残留pod=0 terminating=0 总pod=22
[01:16:36] T+95s | 节点[Ready 31h] w1残留pod=0 terminating=0 总pod=22
[01:16:39] T+97s | 节点[Ready 31h] w1残留pod=0 terminating=0 总pod=22
[01:16:41] T+100s | 节点[Ready 31h] w1残留pod=0 terminating=0 总pod=22
[01:16:44] T+102s | 节点[Ready 31h] w1残留pod=0 terminating=0 总pod=22
[01:16:46] T+105s | 节点[Ready 31h] w1残留pod=0 terminating=0 总pod=22
[01:16:49] T+107s | 节点[Ready 31h] w1残留pod=0 terminating=0 总pod=22
[01:16:51] T+109s | 节点[Ready 31h] w1残留pod=0 terminating=0 总pod=22
[01:16:54] T+112s | 节点[Ready 31h] w1残留pod=0 terminating=0 总pod=22
[01:16:56] T+114s | 节点[Ready 31h] w1残留pod=0 terminating=0 总pod=22
[01:16:58] T+117s | 节点[Ready 31h] w1残留pod=0 terminating=0 总pod=22
[01:17:01] T+119s | 节点[Ready 31h] w1残留pod=0 terminating=0 总pod=22
[01:17:03] T+121s | 节点[Ready 31h] w1残留pod=0 terminating=0 总pod=22
[01:17:06] T+124s | 节点[Ready 31h] w1残留pod=0 terminating=0 总pod=22
[01:17:08] T+126s | 节点[Ready 31h] w1残留pod=0 terminating=0 总pod=22
[01:17:10] T+129s | 节点[Ready 31h] w1残留pod=0 terminating=0 总pod=22
[01:17:13] T+131s | 节点[Ready 31h] w1残留pod=0 terminating=0 总pod=22
[01:17:15] T+134s | 节点[Ready 31h] w1残留pod=0 terminating=0 总pod=22
[01:17:18] T+136s | 节点[Ready 31h] w1残留pod=0 terminating=0 总pod=22
[01:17:20] T+138s | 节点[Ready 31h] w1残留pod=0 terminating=0 总pod=22
[01:17:22] T+141s | 节点[Ready 31h] w1残留pod=0 terminating=0 总pod=22
[01:17:25] T+143s | 节点[Ready 31h] w1残留pod=0 terminating=0 总pod=22
[01:17:27] T+146s | 节点[Ready 31h] w1残留pod=0 terminating=0 总pod=22
[01:17:30] T+148s | 节点[Ready 31h] w1残留pod=0 terminating=0 总pod=22
[01:17:32] T+151s | 节点[Ready 31h] w1残留pod=0 terminating=0 总pod=22
[01:17:35] T+153s | 节点[Ready 31h] w1残留pod=0 terminating=0 总pod=22
[01:17:37] T+155s | 节点[Ready 31h] w1残留pod=0 terminating=0 总pod=22
[01:17:40] T+158s | 节点[Ready 31h] w1残留pod=0 terminating=0 总pod=22
[01:17:42] T+160s | 节点[Ready 31h] w1残留pod=0 terminating=0 总pod=22
[01:17:44] T+163s | 节点[Ready 31h] w1残留pod=0 terminating=0 总pod=22
[01:17:47] T+165s | 节点[Ready 31h] w1残留pod=0 terminating=0 总pod=22
[01:17:49] T+168s | 节点[Ready 31h] w1残留pod=0 terminating=0 总pod=22
[01:17:52] T+170s | 节点[Ready 31h] w1残留pod=0 terminating=0 总pod=22
[01:17:54] T+172s | 节点[Ready 31h] w1残留pod=0 terminating=0 总pod=22
[01:17:56] T+175s | 节点[Ready 31h] w1残留pod=0 terminating=0 总pod=22
[01:17:59] T+177s | 节点[Ready 31h] w1残留pod=0 terminating=0 总pod=22
[01:18:01] T+180s | 节点[Ready 31h] w1残留pod=0 terminating=0 总pod=22
[01:18:04] T+182s | 节点[Ready 31h] w1残留pod=0 terminating=0 总pod=22
[01:18:06] T+185s | 节点[Ready 31h] w1残留pod=0 terminating=0 总pod=22
[01:18:09] T+187s | 节点[Ready 31h] w1残留pod=0 terminating=0 总pod=22
[01:18:11] T+189s | 节点[Ready 31h] w1残留pod=0 terminating=0 总pod=22
[01:18:13] T+192s | 节点[Ready 31h] w1残留pod=0 terminating=0 总pod=22
[01:18:16] T+194s | 节点[Ready 31h] w1残留pod=0 terminating=0 总pod=22
[01:18:18] T+197s | 节点[Ready 31h] w1残留pod=0 terminating=0 总pod=22
[01:18:21] T+199s | 节点[Ready 31h] w1残留pod=0 terminating=0 总pod=22
[01:18:23] T+201s | 节点[Ready 31h] w1残留pod=0 terminating=0 总pod=22
[01:18:26] T+204s | 节点[Ready 31h] w1残留pod=0 terminating=0 总pod=22
[01:18:28] T+206s | 节点[Ready 31h] w1残留pod=0 terminating=0 总pod=22
[01:18:30] T+209s | 节点[Ready 31h] w1残留pod=0 terminating=0 总pod=22
[01:18:33] T+211s | 节点[Ready 31h] w1残留pod=0 terminating=0 总pod=22
[01:18:35] T+214s | 节点[Ready 31h] w1残留pod=0 terminating=0 总pod=22
[01:18:38] T+216s | 节点[Ready 31h] w1残留pod=0 terminating=0 总pod=22
[01:18:40] T+218s | 节点[Ready 31h] w1残留pod=0 terminating=0 总pod=22
[01:18:43] T+221s | 节点[Ready 31h] w1残留pod=0 terminating=0 总pod=22
[01:18:45] T+223s | 节点[Ready 31h] w1残留pod=0 terminating=0 总pod=22
[01:18:47] T+226s | 节点[Ready 31h] w1残留pod=0 terminating=0 总pod=22
[01:18:50] T+228s | 节点[Ready 31h] w1残留pod=0 terminating=0 总pod=22
[01:18:52] T+231s | 节点[Ready 31h] w1残留pod=0 terminating=0 总pod=22
[01:18:55] T+233s | 节点[Ready 31h] w1残留pod=0 terminating=0 总pod=22
[01:18:57] T+235s | 节点[Ready 31h] w1残留pod=0 terminating=0 总pod=22
[01:19:00] T+238s | 节点[Ready 31h] w1残留pod=0 terminating=0 总pod=22
[01:19:02] T+240s | 节点[Ready 31h] w1残留pod=0 terminating=0 总pod=22
[01:19:04] T+243s | 节点[Ready 31h] w1残留pod=0 terminating=0 总pod=22
[01:19:07] T+245s | 节点[Ready 31h] w1残留pod=0 terminating=0 总pod=22
[01:19:09] T+248s | 节点[Ready 31h] w1残留pod=0 terminating=0 总pod=22
[01:19:12] T+250s | 节点[Ready 31h] w1残留pod=0 terminating=0 总pod=22
[01:19:14] T+252s | 节点[Ready 31h] w1残留pod=0 terminating=0 总pod=22
[01:19:17] T+255s | 节点[Ready 31h] w1残留pod=0 terminating=0 总pod=22
[01:19:19] T+257s | 节点[Ready 31h] w1残留pod=0 terminating=0 总pod=22
[01:19:21] T+260s | 节点[Ready 31h] w1残留pod=0 terminating=0 总pod=22
[01:19:24] T+262s | 节点[Ready 31h] w1残留pod=0 terminating=0 总pod=22
[01:19:26] T+265s | 节点[Ready 31h] w1残留pod=0 terminating=0 总pod=22
[01:19:29] T+267s | 节点[Ready 31h] w1残留pod=0 terminating=0 总pod=22
[01:19:31] T+269s | 节点[Ready 31h] w1残留pod=0 terminating=0 总pod=22
[01:19:33] T+272s | 节点[Ready 31h] w1残留pod=0 terminating=0 总pod=22
[01:19:36] T+274s | 节点[Ready 31h] w1残留pod=0 terminating=0 总pod=22
[01:19:38] T+277s | 节点[Ready 31h] w1残留pod=0 terminating=0 总pod=22
[01:19:41] T+279s | 节点[Ready 31h] w1残留pod=0 terminating=0 总pod=22
[01:19:43] T+282s | 节点[Ready 31h] w1残留pod=0 terminating=0 总pod=22
[01:19:46] T+284s | 节点[Ready 31h] w1残留pod=0 terminating=0 总pod=22
[01:19:48] T+286s | 节点[Ready 31h] w1残留pod=0 terminating=0 总pod=22
[01:19:50] T+289s | 节点[Ready 31h] w1残留pod=0 terminating=0 总pod=22
[01:19:53] T+291s | 节点[Ready 31h] w1残留pod=0 terminating=0 总pod=22
[01:19:55] T+294s | 节点[Ready 31h] w1残留pod=0 terminating=0 总pod=22
[01:19:58] T+296s | 节点[Ready 31h] w1残留pod=0 terminating=0 总pod=22
[01:20:00] T+299s | 节点[Ready 31h] w1残留pod=0 terminating=0 总pod=22
[01:20:03] T+301s | 节点[Ready 31h] w1残留pod=0 terminating=0 总pod=22
[01:20:05] T+303s | 节点[Ready 31h] w1残留pod=0 terminating=0 总pod=22
[01:20:08] T+306s | 节点[Ready 31h] w1残留pod=0 terminating=0 总pod=22
[01:20:10] T+308s | 节点[Ready 31h] w1残留pod=0 terminating=0 总pod=22
[01:20:12] T+311s | 节点[Ready 31h] w1残留pod=0 terminating=0 总pod=22
[01:20:15] T+313s | 节点[Ready 31h] w1残留pod=0 terminating=0 总pod=22
[01:20:17] T+316s | 节点[Ready 31h] w1残留pod=0 terminating=0 总pod=22
[01:20:20] T+318s | 节点[Ready 31h] w1残留pod=0 terminating=0 总pod=22
[01:20:22] T+320s | 节点[Ready 31h] w1残留pod=0 terminating=0 总pod=22
[01:20:24] T+323s | 节点[Ready 31h] w1残留pod=0 terminating=0 总pod=22
[01:20:27] T+325s | 节点[Ready 31h] w1残留pod=0 terminating=0 总pod=22
[01:20:29] T+328s | 节点[Ready 31h] w1残留pod=0 terminating=0 总pod=22
[01:20:32] T+330s | 节点[Ready 31h] w1残留pod=0 terminating=0 总pod=22
[01:20:34] T+332s | 节点[Ready 31h] w1残留pod=0 terminating=0 总pod=22
[01:20:37] T+335s | 节点[Ready 31h] w1残留pod=0 terminating=0 总pod=22
[01:20:39] T+337s | 节点[Ready 31h] w1残留pod=0 terminating=0 总pod=22
[01:20:41] T+340s | 节点[Ready 31h] w1残留pod=0 terminating=0 总pod=22
[01:20:44] T+342s | 节点[Ready 31h] w1残留pod=0 terminating=0 总pod=22
[01:20:46] T+345s | 节点[Ready 31h] w1残留pod=0 terminating=0 总pod=22
[01:20:49] T+347s | 节点[Ready 31h] w1残留pod=0 terminating=0 总pod=22
[01:20:51] T+349s | 节点[Ready 31h] w1残留pod=0 terminating=0 总pod=22
[01:20:54] T+352s | 节点[Ready 31h] w1残留pod=0 terminating=0 总pod=22
[01:20:56] T+354s | 节点[Ready 31h] w1残留pod=0 terminating=0 总pod=22
[01:20:58] T+357s | 节点[Ready 31h] w1残留pod=0 terminating=0 总pod=22
[01:21:01] T+359s | 节点[Ready 31h] w1残留pod=0 terminating=0 总pod=22
[01:21:03] T+361s | 节点[Ready 31h] w1残留pod=0 terminating=0 总pod=22
[01:21:07] T+365s | AM计数: alertmanager_notifications_total{integration="email"} 0 | alertmanager_notifications_total{integration="webhook"} 0
[01:21:07] T+365s | 节点[Ready 31h] w1残留pod=0 terminating=0 总pod=22
[01:21:09] T+367s | 节点[Ready 31h] w1残留pod=0 terminating=0 总pod=22
[01:21:11] T+370s | 节点[Ready 31h] w1残留pod=0 terminating=0 总pod=22
[01:21:14] T+372s | 节点[Ready 31h] w1残留pod=0 terminating=0 总pod=22
[01:21:17] T+376s | AM计数: alertmanager_notifications_total{integration="email"} 0 | alertmanager_notifications_total{integration="webhook"} 0
[01:21:17] T+376s | 节点[Ready 31h] w1残留pod=0 terminating=0 总pod=22
[01:21:20] T+378s | 节点[Ready 31h] w1残留pod=0 terminating=0 总pod=22
[01:21:22] T+381s | 节点[Ready 31h] w1残留pod=0 terminating=0 总pod=22
[01:21:25] T+383s | 节点[Ready 31h] w1残留pod=0 terminating=0 总pod=22
[01:21:28] T+386s | AM计数: alertmanager_notifications_total{integration="email"} 1 | alertmanager_notifications_total{integration="webhook"} 0
[01:21:28] T+386s | 节点[Ready 31h] w1残留pod=0 terminating=0 总pod=22
[01:21:31] T+389s | 节点[Ready 31h] w1残留pod=0 terminating=0 总pod=22
[01:21:33] T+391s | 节点[Ready 31h] w1残留pod=0 terminating=0 总pod=22
[01:21:35] T+394s | 节点[Ready 31h] w1残留pod=0 terminating=0 总pod=22
[01:21:39] T+397s | AM计数: alertmanager_notifications_total{integration="email"} 2 | alertmanager_notifications_total{integration="webhook"} 1
[01:21:39] T+397s | 节点[Ready 31h] w1残留pod=0 terminating=0 总pod=22
[01:21:41] T+400s | 节点[Ready 31h] w1残留pod=0 terminating=0 总pod=22
[01:21:44] T+402s | 节点[Ready 31h] w1残留pod=0 terminating=0 总pod=22
[01:21:46] T+404s | 节点[Ready 31h] w1残留pod=0 terminating=0 总pod=22
[01:21:50] T+408s | AM计数: alertmanager_notifications_total{integration="email"} 2 | alertmanager_notifications_total{integration="webhook"} 1
[01:21:50] T+408s | 节点[Ready 31h] w1残留pod=0 terminating=0 总pod=22
[01:21:52] T+410s | 节点[Ready 31h] w1残留pod=0 terminating=0 总pod=22
[01:21:54] T+413s | 节点[Ready 31h] w1残留pod=0 terminating=0 总pod=22
[01:21:57] T+415s | 节点[Ready 31h] w1残留pod=0 terminating=0 总pod=22
[01:22:00] T+419s | AM计数: alertmanager_notifications_total{integration="email"} 2 | alertmanager_notifications_total{integration="webhook"} 1
[01:22:00] T+419s | 节点[Ready 31h] w1残留pod=0 terminating=0 总pod=22
[01:22:03] T+421s | 节点[Ready 31h] w1残留pod=0 terminating=0 总pod=22
[01:22:05] T+424s | 节点[Ready 31h] w1残留pod=0 terminating=0 总pod=22
[01:22:08] T+426s | 节点[Ready 31h] w1残留pod=0 terminating=0 总pod=22
[01:22:11] T+429s | AM计数: alertmanager_notifications_total{integration="email"} 2 | alertmanager_notifications_total{integration="webhook"} 1
[01:22:11] T+429s | 节点[Ready 31h] w1残留pod=0 terminating=0 总pod=22
[01:22:14] T+432s | 节点[Ready 31h] w1残留pod=0 terminating=0 总pod=22
[01:22:16] T+434s | 节点[Ready 31h] w1残留pod=0 terminating=0 总pod=22
[01:22:18] T+437s | 节点[Ready 31h] w1残留pod=0 terminating=0 总pod=22
[01:22:22] T+440s | AM计数: alertmanager_notifications_total{integration="email"} 2 | alertmanager_notifications_total{integration="webhook"} 1
[01:22:22] T+440s | 节点[Ready 31h] w1残留pod=0 terminating=0 总pod=22
[01:22:24] T+443s | 节点[Ready 31h] w1残留pod=0 terminating=0 总pod=22
[01:22:27] T+445s | 节点[Ready 31h] w1残留pod=0 terminating=0 总pod=22
[01:22:29] T+447s | 节点[Ready 31h] w1残留pod=0 terminating=0 总pod=22
[01:22:33] T+451s | AM计数: alertmanager_notifications_total{integration="email"} 2 | alertmanager_notifications_total{integration="webhook"} 1
[01:22:33] T+451s | 节点[Ready 31h] w1残留pod=0 terminating=0 总pod=22
[01:22:35] T+453s | 节点[Ready 31h] w1残留pod=0 terminating=0 总pod=22
[01:22:37] T+456s | 节点[Ready 31h] w1残留pod=0 terminating=0 总pod=22
[01:22:40] T+458s | 节点[Ready 31h] w1残留pod=0 terminating=0 总pod=22
[01:22:43] T+462s | AM计数: alertmanager_notifications_total{integration="email"} 2 | alertmanager_notifications_total{integration="webhook"} 1
[01:22:43] T+462s | 节点[Ready 31h] w1残留pod=0 terminating=0 总pod=22
[01:22:46] T+464s | 节点[Ready 31h] w1残留pod=0 terminating=0 总pod=22
[01:22:48] T+467s | 节点[Ready 31h] w1残留pod=0 terminating=0 总pod=22
[01:22:51] T+469s | 节点[Ready 31h] w1残留pod=0 terminating=0 总pod=22
[01:22:54] T+473s | AM计数: alertmanager_notifications_total{integration="email"} 2 | alertmanager_notifications_total{integration="webhook"} 1
[01:22:54] T+473s | 节点[Ready 31h] w1残留pod=0 terminating=0 总pod=22
[01:22:57] T+475s | 节点[Ready 31h] w1残留pod=0 terminating=0 总pod=22
[01:22:59] T+478s | 节点[Ready 31h] w1残留pod=0 terminating=0 总pod=22
[01:23:02] T+480s | 节点[Ready 31h] w1残留pod=0 terminating=0 总pod=22
[01:23:05] T+483s | AM计数: alertmanager_notifications_total{integration="email"} 2 | alertmanager_notifications_total{integration="webhook"} 1
[01:23:05] T+483s | 节点[Ready 31h] w1残留pod=0 terminating=0 总pod=22
[01:23:08] T+486s | 节点[Ready 31h] w1残留pod=0 terminating=0 总pod=22
[01:23:10] T+488s | 节点[Ready 31h] w1残留pod=0 terminating=0 总pod=22
[01:23:12] T+491s | 节点[Ready 31h] w1残留pod=0 terminating=0 总pod=22
[01:23:16] T+494s | AM计数: alertmanager_notifications_total{integration="email"} 2 | alertmanager_notifications_total{integration="webhook"} 1
[01:23:16] T+494s | 节点[Ready 31h] w1残留pod=0 terminating=0 总pod=22
[01:23:18] T+497s | 节点[Ready 31h] w1残留pod=0 terminating=0 总pod=22
[01:23:21] T+499s | 节点[Ready 31h] w1残留pod=0 terminating=0 总pod=22
[01:23:23] T+501s | 节点[Ready 31h] w1残留pod=0 terminating=0 总pod=22
[01:23:27] T+505s | AM计数: alertmanager_notifications_total{integration="email"} 2 | alertmanager_notifications_total{integration="webhook"} 1
[01:23:27] T+505s | 节点[Ready 31h] w1残留pod=0 terminating=0 总pod=22
[01:23:29] T+507s | 节点[Ready 31h] w1残留pod=0 terminating=0 总pod=22
[01:23:32] T+510s | 节点[Ready 31h] w1残留pod=0 terminating=0 总pod=22
[01:23:34] T+512s | 节点[Ready 31h] w1残留pod=0 terminating=0 总pod=22
[01:23:38] T+516s | AM计数: alertmanager_notifications_total{integration="email"} 3 | alertmanager_notifications_total{integration="webhook"} 2
[01:23:38] T+516s | 节点[Ready 31h] w1残留pod=0 terminating=0 总pod=22
[01:23:40] T+519s | 节点[Ready 31h] w1残留pod=0 terminating=0 总pod=22
[01:23:43] T+521s | 节点[Ready 31h] w1残留pod=0 terminating=0 总pod=22
[01:23:45] T+523s | 节点[Ready 31h] w1残留pod=0 terminating=0 总pod=22
[01:23:49] T+527s | AM计数: alertmanager_notifications_total{integration="email"} 3 | alertmanager_notifications_total{integration="webhook"} 2
[01:23:49] T+527s | 节点[Ready 31h] w1残留pod=0 terminating=0 总pod=22
[01:23:51] T+529s | 节点[Ready 31h] w1残留pod=0 terminating=0 总pod=22
[01:23:53] T+532s | 节点[Ready 31h] w1残留pod=0 terminating=0 总pod=22
[01:23:56] T+534s | 节点[Ready 31h] w1残留pod=0 terminating=0 总pod=22
[01:23:59] T+538s | AM计数: alertmanager_notifications_total{integration="email"} 3 | alertmanager_notifications_total{integration="webhook"} 2
[01:23:59] T+538s | 节点[Ready 31h] w1残留pod=0 terminating=0 总pod=22
[01:24:02] T+540s | 节点[Ready 31h] w1残留pod=0 terminating=0 总pod=22
[01:24:04] T+542s | 节点[Ready 31h] w1残留pod=0 terminating=0 总pod=22
[01:24:07] T+545s | 节点[Ready 31h] w1残留pod=0 terminating=0 总pod=22
[01:24:10] T+548s | AM计数: alertmanager_notifications_total{integration="email"} 3 | alertmanager_notifications_total{integration="webhook"} 2
[01:24:10] T+548s | 节点[Ready 31h] w1残留pod=0 terminating=0 总pod=22
[01:24:13] T+551s | 节点[Ready 31h] w1残留pod=0 terminating=0 总pod=22
[01:24:15] T+553s | 节点[Ready 31h] w1残留pod=0 terminating=0 总pod=22
[01:24:17] T+556s | 节点[Ready 31h] w1残留pod=0 terminating=0 总pod=22
[01:24:21] T+559s | AM计数: alertmanager_notifications_total{integration="email"} 3 | alertmanager_notifications_total{integration="webhook"} 2
[01:24:21] T+559s | 节点[Ready 31h] w1残留pod=0 terminating=0 总pod=22
[01:24:23] T+562s | 节点[Ready 31h] w1残留pod=0 terminating=0 总pod=22
[01:24:26] T+564s | 节点[Ready 31h] w1残留pod=0 terminating=0 总pod=22
[01:24:28] T+567s | 节点[Ready 31h] w1残留pod=0 terminating=0 总pod=22
[01:24:32] T+570s | AM计数: alertmanager_notifications_total{integration="email"} 3 | alertmanager_notifications_total{integration="webhook"} 2
[01:24:32] T+570s | 节点[Ready 31h] w1残留pod=0 terminating=0 总pod=22
[01:24:34] T+573s | 节点[Ready 31h] w1残留pod=0 terminating=0 总pod=22
[01:24:37] T+575s | 节点[Ready 31h] w1残留pod=0 terminating=0 总pod=22
[01:24:39] T+577s | 节点[Ready 31h] w1残留pod=0 terminating=0 总pod=22
[01:24:43] T+581s | AM计数: alertmanager_notifications_total{integration="email"} 3 | alertmanager_notifications_total{integration="webhook"} 2
[01:24:43] T+581s | 节点[Ready 31h] w1残留pod=0 terminating=0 总pod=22
[01:24:45] T+583s | 节点[Ready 31h] w1残留pod=0 terminating=0 总pod=22
[01:24:47] T+586s | 节点[Ready 31h] w1残留pod=0 terminating=0 总pod=22
[01:24:50] T+588s | 节点[Ready 31h] w1残留pod=0 terminating=0 总pod=22
[01:24:53] T+592s | AM计数: alertmanager_notifications_total{integration="email"} 3 | alertmanager_notifications_total{integration="webhook"} 2
[01:24:53] T+592s | 节点[Ready 31h] w1残留pod=0 terminating=0 总pod=22
[01:24:56] T+594s | 节点[Ready 31h] w1残留pod=0 terminating=0 总pod=22
[01:24:58] T+597s | 节点[Ready 31h] w1残留pod=0 terminating=0 总pod=22
[01:25:01] T+599s | 节点[Ready 31h] w1残留pod=0 terminating=0 总pod=22
[01:25:04] T+602s | AM计数: alertmanager_notifications_total{integration="email"} 3 | alertmanager_notifications_total{integration="webhook"} 2
[01:25:04] T+602s | 节点[Ready 31h] w1残留pod=0 terminating=0 总pod=22
[01:25:04] !! 超时 600s，强制收尾
[01:25:04] --- 等探针 600s 窗口自然结束 ---
[01:25:46] --- 探针统计摘要 ---
[01:25:46] 2026-09-14T01:15:23+08:00	200	1.079822
2026-09-14T01:15:25+08:00	200	1.040679
2026-09-14T01:15:27+08:00	200	3.109186
2026-09-14T01:15:32+08:00	200	1.098109
2026-09-14T01:15:34+08:00	200	1.058915
2026-09-14T01:15:36+08:00	200	1.215680
2026-09-14T01:15:38+08:00	200	1.066555
2026-09-14T01:15:40+08:00	200	1.077908
2026-09-14T01:15:42+08:00	200	1.046288
2026-09-14T01:15:44+08:00	200	1.043742
2026-09-14T01:15:46+08:00	200	1.081452
2026-09-14T01:15:48+08:00	200	1.078307
2026-09-14T01:15:50+08:00	200	1.045297
2026-09-14T01:15:53+08:00	200	1.136985
2026-09-14T01:15:55+08:00	200	1.045389
[01:25:47] probe 原始数据已取回 E:/yes/k8s-sre-platform/docs/probe-drill1.log
